\BOOKMARK [1][-]{section.1}{\376\377\000I\000n\000t\000r\000o\000d\000u\000c\000t\000i\000o\000n}{}% 1
\BOOKMARK [1][-]{section.2}{\376\377\000T\000h\000e\000o\000r\000e\000t\000i\000c\000a\000l\000\040\000F\000o\000u\000n\000d\000a\000t\000i\000o\000n}{}% 2
\BOOKMARK [2][-]{subsection.2.1}{\376\377\000S\000t\000r\000u\000c\000t\000u\000r\000a\000l\000\040\000D\000y\000n\000a\000m\000i\000c\000s\000\040\000E\000i\000g\000e\000n\000v\000a\000l\000u\000e\000\040\000P\000r\000o\000b\000l\000e\000m}{section.2}% 3
\BOOKMARK [2][-]{subsection.2.2}{\376\377\000T\000r\000a\000n\000s\000f\000o\000r\000m\000a\000t\000i\000o\000n\000\040\000t\000o\000\040\000Q\000u\000a\000n\000t\000u\000m\000\040\000E\000i\000g\000e\000n\000v\000a\000l\000u\000e\000\040\000P\000r\000o\000b\000l\000e\000m}{section.2}% 4
\BOOKMARK [2][-]{subsection.2.3}{\376\377\000P\000a\000u\000l\000i\000\040\000D\000e\000c\000o\000m\000p\000o\000s\000i\000t\000i\000o\000n}{section.2}% 5
\BOOKMARK [2][-]{subsection.2.4}{\376\377\000H\000a\000m\000i\000l\000t\000o\000n\000i\000a\000n\000\040\000N\000o\000r\000m\000a\000l\000i\000z\000a\000t\000i\000o\000n}{section.2}% 6
\BOOKMARK [1][-]{section.3}{\376\377\000S\000y\000s\000t\000e\000m\000\040\000A\000r\000c\000h\000i\000t\000e\000c\000t\000u\000r\000e}{}% 7
\BOOKMARK [2][-]{subsection.3.1}{\376\377\000P\000i\000p\000e\000l\000i\000n\000e\000\040\000O\000v\000e\000r\000v\000i\000e\000w}{section.3}% 8
\BOOKMARK [2][-]{subsection.3.2}{\376\377\000P\000r\000o\000j\000e\000c\000t\000\040\000S\000t\000r\000u\000c\000t\000u\000r\000e}{section.3}% 9
\BOOKMARK [1][-]{section.4}{\376\377\000F\000i\000n\000i\000t\000e\000\040\000E\000l\000e\000m\000e\000n\000t\000\040\000A\000n\000a\000l\000y\000s\000i\000s\000\040\000M\000o\000d\000u\000l\000e\000s}{}% 10
\BOOKMARK [2][-]{subsection.4.1}{\376\377\000B\000e\000a\000m\000\040\000E\000l\000e\000m\000e\000n\000t\000\040\000\050\000f\000e\000a\000.\000p\000y\000\051}{section.4}% 11
\BOOKMARK [2][-]{subsection.4.2}{\376\377\0001\000D\000\040\000T\000r\000u\000s\000s\000\040\000E\000l\000e\000m\000e\000n\000t\000\040\000\050\000t\000r\000u\000s\000s\000.\000p\000y\000\051}{section.4}% 12
\BOOKMARK [2][-]{subsection.4.3}{\376\377\0002\000D\000\040\000W\000a\000r\000r\000e\000n\000\040\000T\000r\000u\000s\000s\000\040\000\050\000t\000r\000u\000s\000s\000.\000p\000y\000\051}{section.4}% 13
\BOOKMARK [1][-]{section.5}{\376\377\000Q\000u\000a\000n\000t\000u\000m\000\040\000H\000a\000m\000i\000l\000t\000o\000n\000i\000a\000n\000\040\000C\000o\000n\000s\000t\000r\000u\000c\000t\000i\000o\000n}{}% 14
\BOOKMARK [1][-]{section.6}{\376\377\000V\000Q\000E\000\040\000I\000m\000p\000l\000e\000m\000e\000n\000t\000a\000t\000i\000o\000n}{}% 15
\BOOKMARK [2][-]{subsection.6.1}{\376\377\000A\000n\000s\000a\000t\000z\000\040\000C\000i\000r\000c\000u\000i\000t\000s\000\040\000\050\000a\000n\000s\000a\000t\000z\000.\000p\000y\000\051}{section.6}% 16
\BOOKMARK [2][-]{subsection.6.2}{\376\377\000M\000u\000l\000t\000i\000-\000S\000t\000a\000r\000t\000\040\000O\000p\000t\000i\000m\000i\000z\000a\000t\000i\000o\000n\000\040\000\050\000v\000q\000e\000\137\000r\000u\000n\000n\000e\000r\000.\000p\000y\000\051}{section.6}% 17
\BOOKMARK [2][-]{subsection.6.3}{\376\377\000D\000e\000f\000l\000a\000t\000i\000o\000n}{section.6}% 18
\BOOKMARK [1][-]{section.7}{\376\377\000B\000e\000a\000m\000\040\000M\000o\000d\000a\000l\000\040\000A\000n\000a\000l\000y\000s\000i\000s\000\040\000R\000e\000s\000u\000l\000t\000s}{}% 19
\BOOKMARK [1][-]{section.8}{\376\377\0001\000D\000\040\000T\000r\000u\000s\000s\000\040\000M\000o\000d\000a\000l\000\040\000A\000n\000a\000l\000y\000s\000i\000s\000\040\000R\000e\000s\000u\000l\000t\000s}{}% 20
\BOOKMARK [1][-]{section.9}{\376\377\0002\000D\000\040\000W\000a\000r\000r\000e\000n\000\040\000T\000r\000u\000s\000s\000\040\000I\000m\000p\000l\000e\000m\000e\000n\000t\000a\000t\000i\000o\000n}{}% 21
\BOOKMARK [2][-]{subsection.9.1}{\376\377\000M\000e\000s\000h\000\040\000G\000e\000n\000e\000r\000a\000t\000i\000o\000n}{section.9}% 22
\BOOKMARK [2][-]{subsection.9.2}{\376\377\000S\000c\000a\000l\000i\000n\000g}{section.9}% 23
\BOOKMARK [2][-]{subsection.9.3}{\376\377\000R\000e\000s\000u\000l\000t\000s}{section.9}% 24
\BOOKMARK [1][-]{section.10}{\376\377\000N\000o\000v\000e\000l\000\040\000S\000t\000u\000d\000i\000e\000s}{}% 25
\BOOKMARK [2][-]{subsection.10.1}{\376\377\000I\000l\000l\000-\000C\000o\000n\000d\000i\000t\000i\000o\000n\000i\000n\000g\000\040\000S\000t\000u\000d\000y}{section.10}% 26
\BOOKMARK [2][-]{subsection.10.2}{\376\377\000D\000a\000m\000a\000g\000e\000\040\000D\000e\000t\000e\000c\000t\000i\000o\000n}{section.10}% 27
\BOOKMARK [1][-]{section.11}{\376\377\000T\000e\000c\000h\000n\000i\000c\000a\000l\000\040\000C\000h\000a\000l\000l\000e\000n\000g\000e\000s}{}% 28
\BOOKMARK [1][-]{section.12}{\376\377\000P\000e\000r\000f\000o\000r\000m\000a\000n\000c\000e\000\040\000S\000u\000m\000m\000a\000r\000y}{}% 29
\BOOKMARK [1][-]{section.13}{\376\377\000C\000o\000n\000c\000l\000u\000s\000i\000o\000n}{}% 30
